{"level":"info","message":{"ip":"::1","method":"POST","responseTime":"71ms","status":200,"url":"/auth/login"},"timestamp":"2026-03-16T07:14:49.854Z"}
{"level":"info","message":{"ip":"::1","method":"POST","responseTime":"3ms","status":404,"url":"/auth/products"},"timestamp":"2026-03-16T07:26:53.726Z"}
{"level":"info","message":{"ip":"::1","method":"POST","responseTime":"17ms","status":200,"url":"/products"},"timestamp":"2026-03-16T07:27:06.873Z"}
{"level":"info","message":{"ip":"::1","method":"GET","responseTime":"6ms","status":200,"url":"/products"},"timestamp":"2026-03-16T07:27:38.978Z"}
{"level":"info","message":{"ip":"::1","method":"GET","responseTime":"6ms","status":200,"url":"/products/1"},"timestamp":"2026-03-16T07:28:11.134Z"}
{"level":"info","message":{"ip":"::1","method":"PUT","responseTime":"10ms","status":200,"url":"/products/1"},"timestamp":"2026-03-16T07:30:00.784Z"}
{"level":"info","message":{"ip":"::1","method":"POST","responseTime":"7ms","status":401,"url":"/cart/add"},"timestamp":"2026-03-17T05:47:08.235Z"}
{"level":"info","message":{"ip":"::1","method":"POST","responseTime":"88ms","status":200,"url":"/auth/login"},"timestamp":"2026-03-17T05:47:14.447Z"}
{"level":"info","message":{"ip":"::1","method":"POST","responseTime":"8ms","status":500,"url":"/cart/add"},"timestamp":"2026-03-17T05:47:21.324Z"}
{"level":"info","message":{"ip":"::1","method":"POST","responseTime":"26ms","status":200,"url":"/cart/add"},"timestamp":"2026-03-17T05:48:49.338Z"}
{"level":"info","message":{"ip":"::1","method":"GET","responseTime":"11ms","status":200,"url":"/cart"},"timestamp":"2026-03-17T05:49:42.808Z"}
{"level":"info","message":{"ip":"::1","method":"DELETE","responseTime":"13ms","status":200,"url":"/cart/remove"},"timestamp":"2026-03-17T05:51:37.031Z"}
{"level":"info","message":{"ip":"::1","method":"GET","responseTime":"5ms","status":200,"url":"/cart"},"timestamp":"2026-03-17T05:51:40.599Z"}
{"level":"info","message":{"ip":"::1","method":"POST","responseTime":"22ms","status":200,"url":"/cart/add"},"timestamp":"2026-03-17T06:00:36.926Z"}
{"level":"info","message":{"ip":"::1","method":"GET","responseTime":"8ms","status":200,"url":"/cart"},"timestamp":"2026-03-17T06:00:40.246Z"}
{"level":"info","message":{"ip":"::1","method":"POST","responseTime":"11ms","status":200,"url":"/cart/add"},"timestamp":"2026-03-17T06:00:48.979Z"}
{"level":"info","message":{"ip":"::1","method":"GET","responseTime":"4ms","status":200,"url":"/cart"},"timestamp":"2026-03-17T06:00:58.292Z"}
{"level":"info","message":{"ip":"::1","method":"POST","responseTime":"22ms","status":200,"url":"/cart/add"},"timestamp":"2026-03-17T06:06:43.309Z"}
{"level":"info","message":{"ip":"::1","method":"DELETE","responseTime":"8ms","status":404,"url":"/cart/remove"},"timestamp":"2026-03-17T06:07:28.369Z"}
{"level":"info","message":{"ip":"::1","method":"DELETE","responseTime":"7ms","status":200,"url":"/cart/remove"},"timestamp":"2026-03-17T06:07:32.609Z"}
{"level":"info","message":{"ip":"::1","method":"POST","responseTime":"10ms","status":200,"url":"/cart/add"},"timestamp":"2026-03-17T06:07:36.505Z"}
{"level":"info","message":{"ip":"::1","method":"POST","responseTime":"13ms","status":200,"url":"/cart/add"},"timestamp":"2026-03-17T06:07:49.544Z"}
{"level":"info","message":{"ip":"::1","method":"POST","responseTime":"7ms","status":200,"url":"/cart/add"},"timestamp":"2026-03-17T06:07:51.225Z"}
{"level":"info","message":{"ip":"::1","method":"POST","responseTime":"32ms","status":200,"url":"/checkout"},"timestamp":"2026-03-17T06:40:24.337Z"}
{"level":"info","message":{"ip":"::1","method":"GET","responseTime":"8ms","status":200,"url":"/cart"},"timestamp":"2026-03-17T06:40:40.410Z"}
{"level":"info","message":{"ip":"::1","method":"POST","responseTime":"94ms","status":200,"url":"/auth/register"},"timestamp":"2026-03-26T07:16:19.174Z"}
{"level":"info","message":{"ip":"::1","method":"POST","responseTime":"70ms","status":200,"url":"/auth/login"},"timestamp":"2026-03-26T07:16:31.168Z"}
{"level":"info","message":{"ip":"::1","method":"POST","responseTime":"4ms","status":403,"url":"/products"},"timestamp":"2026-03-26T07:16:41.560Z"}
{"level":"info","message":{"ip":"::1","method":"GET","responseTime":"10ms","status":200,"url":"/products"},"timestamp":"2026-03-26T07:16:48.671Z"}
{"level":"info","message":{"ip":"::1","method":"GET","responseTime":"12ms","status":200,"url":"/cart"},"timestamp":"2026-03-26T07:16:57.368Z"}
{"level":"info","message":{"ip":"::1","method":"POST","responseTime":"17ms","status":200,"url":"/cart/add"},"timestamp":"2026-03-26T07:17:17.863Z"}
{"level":"info","message":{"ip":"::1","method":"GET","responseTime":"8ms","status":200,"url":"/cart"},"timestamp":"2026-03-26T07:17:28.192Z"}
{"level":"info","message":{"ip":"::1","method":"PUT","responseTime":"2ms","status":403,"url":"/products/1"},"timestamp":"2026-03-26T07:17:45.997Z"}
{"level":"info","message":{"ip":"::1","method":"GET","responseTime":"30ms","status":200,"url":"/products?page=1&limit=2"},"timestamp":"2026-03-26T07:39:57.618Z"}
{"level":"info","message":{"ip":"::1","method":"GET","responseTime":"10ms","status":200,"url":"/products?page=1&limit=5&search=shoe"},"timestamp":"2026-03-26T07:40:25.490Z"}
{"level":"info","message":{"ip":"::1","method":"GET","responseTime":"9ms","status":200,"url":"/products?page=1&limit=5&search=shoe"},"timestamp":"2026-03-26T07:40:49.241Z"}
{"level":"info","message":{"ip":"::1","method":"PUT","responseTime":"5ms","status":404,"url":"/orders"},"timestamp":"2026-03-26T08:27:47.878Z"}
{"level":"info","message":{"ip":"::1","method":"PUT","responseTime":"4ms","status":404,"url":"/orders"},"timestamp":"2026-03-26T08:28:12.001Z"}
{"level":"info","message":{"ip":"::1","method":"GET","responseTime":"39ms","status":200,"url":"/orders"},"timestamp":"2026-03-26T08:28:18.233Z"}
{"level":"info","message":{"ip":"::1","method":"GET","responseTime":"10ms","status":200,"url":"/cart"},"timestamp":"2026-03-26T08:28:27.914Z"}
{"level":"info","message":{"ip":"::1","method":"POST","responseTime":"41ms","status":200,"url":"/checkout"},"timestamp":"2026-03-26T08:28:36.993Z"}
{"level":"info","message":{"ip":"::1","method":"GET","responseTime":"5ms","status":200,"url":"/orders"},"timestamp":"2026-03-26T08:28:45.732Z"}
{"level":"info","message":{"ip":"::1","method":"GET","responseTime":"9ms","status":404,"url":"/orders/1"},"timestamp":"2026-03-26T08:29:49.486Z"}
{"level":"info","message":{"ip":"::1","method":"GET","responseTime":"4ms","status":200,"url":"/orders/2"},"timestamp":"2026-03-26T08:29:59.352Z"}
{"level":"info","message":{"ip":"::1","method":"POST","responseTime":"15ms","status":200,"url":"/cart/add"},"timestamp":"2026-03-26T08:30:38.425Z"}
{"level":"info","message":{"ip":"::1","method":"GET","responseTime":"6ms","status":200,"url":"/cart"},"timestamp":"2026-03-26T08:30:46.744Z"}
{"level":"info","message":{"ip":"::1","method":"POST","responseTime":"11ms","status":200,"url":"/checkout"},"timestamp":"2026-03-26T08:30:51.481Z"}
{"level":"info","message":{"ip":"::1","method":"GET","responseTime":"11ms","status":200,"url":"/orders"},"timestamp":"2026-03-26T08:30:57.722Z"}
{"level":"info","message":{"ip":"::1","method":"GET","responseTime":"9ms","status":200,"url":"/orders/3"},"timestamp":"2026-03-26T08:31:14.968Z"}
{"level":"info","message":{"ip":"::1","method":"POST","responseTime":"26ms","status":200,"url":"/addresses"},"timestamp":"2026-03-26T08:41:28.774Z"}
{"level":"info","message":{"ip":"::1","method":"GET","responseTime":"8ms","status":200,"url":"/addresses"},"timestamp":"2026-03-26T08:41:48.974Z"}
{"level":"info","message":{"ip":"::1","method":"GET","responseTime":"20ms","status":200,"url":"/cart"},"timestamp":"2026-03-26T08:47:58.885Z"}
{"level":"info","message":{"ip":"::1","method":"POST","responseTime":"17ms","status":200,"url":"/cart/add"},"timestamp":"2026-03-26T08:48:12.406Z"}
{"level":"info","message":{"ip":"::1","method":"GET","responseTime":"4ms","status":200,"url":"/cart"},"timestamp":"2026-03-26T08:48:16.295Z"}
{"level":"info","message":{"ip":"::1","method":"GET","responseTime":"20ms","status":200,"url":"/products"},"timestamp":"2026-03-26T08:48:30.356Z"}
{"level":"info","message":{"ip":"::1","method":"POST","responseTime":"10ms","status":500,"url":"/checkout"},"timestamp":"2026-03-26T08:49:00.075Z"}
{"level":"info","message":{"ip":"::1","method":"GET","responseTime":"18ms","status":200,"url":"/cart"},"timestamp":"2026-03-26T08:49:26.908Z"}
{"level":"info","message":{"ip":"::1","method":"POST","responseTime":"5ms","status":500,"url":"/checkout"},"timestamp":"2026-03-26T08:49:31.728Z"}
{"level":"info","message":{"ip":"::1","method":"GET","responseTime":"7ms","status":200,"url":"/addresses"},"timestamp":"2026-03-26T08:49:45.789Z"}
{"level":"info","message":{"ip":"::1","method":"POST","responseTime":"8ms","status":500,"url":"/checkout"},"timestamp":"2026-03-26T08:49:59.062Z"}
{"level":"info","message":{"ip":"::1","method":"POST","responseTime":"48ms","status":200,"url":"/checkout"},"timestamp":"2026-03-26T08:50:31.746Z"}
{"level":"info","message":{"ip":"::1","method":"GET","responseTime":"8ms","status":200,"url":"/orders"},"timestamp":"2026-03-26T08:50:41.467Z"}
{"level":"info","message":{"ip":"::1","method":"POST","responseTime":"25ms","status":200,"url":"/cart/add"},"timestamp":"2026-03-26T08:58:07.588Z"}
{"level":"info","message":{"ip":"::1","method":"PUT","responseTime":"9ms","status":404,"url":"/cart/update"},"timestamp":"2026-03-26T08:58:21.402Z"}
{"level":"info","message":{"ip":"::1","method":"GET","responseTime":"12ms","status":200,"url":"/cart"},"timestamp":"2026-03-26T08:58:32.632Z"}
{"level":"info","message":{"ip":"::1","method":"PUT","responseTime":"12ms","status":200,"url":"/cart/update"},"timestamp":"2026-03-26T08:58:51.587Z"}
{"level":"info","message":{"ip":"::1","method":"PUT","responseTime":"8ms","status":200,"url":"/cart/update"},"timestamp":"2026-03-26T08:58:59.255Z"}
{"level":"info","message":{"ip":"::1","method":"PUT","responseTime":"5ms","status":200,"url":"/cart/update"},"timestamp":"2026-03-26T08:59:03.465Z"}
{"level":"info","message":{"ip":"::1","method":"POST","responseTime":"83ms","status":200,"url":"/auth/login"},"timestamp":"2026-03-31T05:42:39.663Z"}
{"level":"info","message":{"ip":"::1","method":"GET","responseTime":"10ms","status":200,"url":"/addresses"},"timestamp":"2026-03-31T05:42:48.349Z"}
{"level":"info","message":{"ip":"::1","method":"POST","responseTime":"6ms","status":400,"url":"/auth/login"},"timestamp":"2026-03-31T05:49:56.190Z"}
{"level":"info","message":{"ip":"::1","method":"POST","responseTime":"57ms","status":200,"url":"/auth/login"},"timestamp":"2026-03-31T05:50:14.311Z"}
{"level":"info","message":{"ip":"::1","method":"POST","responseTime":"24ms","status":200,"url":"/products"},"timestamp":"2026-03-31T05:50:38.989Z"}
{"level":"info","message":{"ip":"::1","method":"POST","responseTime":"7ms","status":200,"url":"/products"},"timestamp":"2026-03-31T05:50:46.963Z"}
{"level":"info","message":{"ip":"::1","method":"POST","responseTime":"5ms","status":200,"url":"/products"},"timestamp":"2026-03-31T05:50:56.085Z"}
{"level":"info","message":{"ip":"::1","method":"GET","responseTime":"7ms","status":200,"url":"/products"},"timestamp":"2026-03-31T05:51:05.140Z"}
{"level":"info","message":{"ip":"::1","method":"PUT","responseTime":"20ms","status":200,"url":"/products/1"},"timestamp":"2026-03-31T05:53:02.958Z"}
{"level":"info","message":{"ip":"::1","method":"PUT","responseTime":"8ms","status":200,"url":"/products/1"},"timestamp":"2026-03-31T05:53:40.194Z"}
{"level":"info","message":{"ip":"::1","method":"PUT","responseTime":"9ms","status":200,"url":"/products/1"},"timestamp":"2026-03-31T05:53:50.777Z"}
{"level":"info","message":{"ip":"::1","method":"DELETE","responseTime":"13ms","status":200,"url":"/products/1"},"timestamp":"2026-03-31T05:55:33.065Z"}
{"level":"info","message":{"ip":"::1","method":"GET","responseTime":"4ms","status":200,"url":"/products"},"timestamp":"2026-03-31T05:55:41.923Z"}
{"level":"info","message":{"ip":"::1","method":"PUT","responseTime":"13ms","status":200,"url":"/products/1/status"},"timestamp":"2026-03-31T06:10:20.261Z"}
{"level":"info","message":{"ip":"::1","method":"PUT","responseTime":"4ms","status":404,"url":"/users/2/status"},"timestamp":"2026-03-31T06:11:51.437Z"}
{"level":"info","message":{"ip":"::1","method":"PUT","responseTime":"4ms","status":404,"url":"/users/2/me"},"timestamp":"2026-04-06T13:46:51.976Z"}
{"level":"info","message":{"ip":"::1","method":"PUT","responseTime":"3ms","status":404,"url":"/users/2/me"},"timestamp":"2026-04-06T13:47:40.530Z"}
{"level":"info","message":{"ip":"::1","method":"PUT","responseTime":"3ms","status":404,"url":"/users/2/me"},"timestamp":"2026-04-06T13:49:03.632Z"}
{"level":"info","message":{"ip":"::1","method":"POST","responseTime":"81ms","status":200,"url":"/auth/login"},"timestamp":"2026-04-06T13:49:08.226Z"}
{"level":"info","message":{"ip":"::1","method":"PUT","responseTime":"0ms","status":404,"url":"/users/2/me"},"timestamp":"2026-04-06T13:49:12.591Z"}
{"level":"info","message":{"ip":"::1","method":"PUT","responseTime":"31ms","status":200,"url":"/users/me"},"timestamp":"2026-04-06T13:49:26.698Z"}
{"level":"info","message":{"ip":"::1","method":"GET","responseTime":"25ms","status":200,"url":"/products"},"timestamp":"2026-04-06T14:17:22.723Z"}
{"level":"info","message":{"ip":"::1","method":"POST","responseTime":"24ms","status":200,"url":"/products/2/images"},"timestamp":"2026-04-06T14:17:44.992Z"}
{"level":"info","message":{"ip":"::1","method":"PUT","responseTime":"9ms","status":404,"url":"/products/2/images/2/cover"},"timestamp":"2026-04-06T14:20:21.818Z"}
{"level":"info","message":{"ip":"::1","method":"PUT","responseTime":"11ms","status":200,"url":"/products/2/images/1/cover"},"timestamp":"2026-04-06T14:20:35.458Z"}
{"level":"info","message":{"ip":"::1","method":"GET","responseTime":"5ms","status":200,"url":"/products/2/images"},"timestamp":"2026-04-06T14:21:07.380Z"}
{"level":"info","message":{"ip":"::1","method":"GET","responseTime":"4ms","status":200,"url":"/products/2/images"},"timestamp":"2026-04-06T14:21:25.172Z"}
{"level":"info","message":{"ip":"::1","method":"PUT","responseTime":"8ms","status":404,"url":"/products/2/images/2/cover"},"timestamp":"2026-04-06T14:21:41.010Z"}
{"level":"info","message":{"ip":"::1","method":"PUT","responseTime":"11ms","status":200,"url":"/products/2/images/1/cover"},"timestamp":"2026-04-06T14:21:46.953Z"}
{"level":"info","message":{"ip":"::1","method":"GET","responseTime":"2ms","status":200,"url":"/products/2/images"},"timestamp":"2026-04-06T14:21:57.091Z"}
{"level":"info","message":{"ip":"::1","method":"GET","responseTime":"5ms","status":200,"url":"/products/2"},"timestamp":"2026-04-06T14:22:34.826Z"}
{"level":"info","message":{"ip":"::1","method":"GET","responseTime":"17ms","status":200,"url":"/products/2"},"timestamp":"2026-04-06T14:33:34.721Z"}
{"level":"info","message":{"ip":"::1","method":"GET","responseTime":"9ms","status":200,"url":"/products"},"timestamp":"2026-04-06T14:33:40.433Z"}
{"level":"info","message":{"ip":"::1","method":"GET","responseTime":"20ms","status":200,"url":"/products"},"timestamp":"2026-04-06T14:41:44.128Z"}
{"level":"info","message":{"ip":"::1","method":"GET","responseTime":"4ms","status":200,"url":"/products/2"},"timestamp":"2026-04-06T14:41:51.115Z"}
